
> Configure project :
[Unimined] Plugin Version: 1.4.18-kappa
[Unimined/MinecraftDownloader] retrieving version metadata
[Unimined/Forge] Using FG3 transformer
[Unimined/Minecraft ::main] Applying minecraft config for source set 'main'
[Unimined/Minecraft ::main] Applying CleanroomFG3
[Unimined/ForgeTransformer] Attempting inject forge userdev into minecraft jar
[Unimined/Minecraft ::main] Applying run configs
Merging client and server jars...
[Unimined/Forge] transforming minecraft jar for FG3
[Unimined/JarMod ::source set 'main'] Adding mappings for added inner class ain$22, {official=ain$22, searge=net/minecraft/item/Item$22, mcp=net/minecraft/item/Item$22}
[Unimined/JarMod ::source set 'main'] Adding mappings for added inner class anh$FlowerEntry, {official=anh$FlowerEntry, searge=net/minecraft/world/biome/Biome$FlowerEntry, mcp=net/minecraft/world/biome/Biome$FlowerEntry}
[Unimined/JarMod ::source set 'main'] Adding mappings for added inner class anp$EmeraldGenerator, {official=anp$EmeraldGenerator, searge=net/minecraft/world/biome/BiomeHills$EmeraldGenerator, mcp=net/minecraft/world/biome/BiomeHills$EmeraldGenerator}
[Unimined/JarMod ::source set 'main'] Adding mappings for added inner class awu$Builder, {official=awu$Builder, searge=net/minecraft/block/state/BlockStateContainer$Builder, mcp=net/minecraft/block/state/BlockStateContainer$Builder}
[Unimined/JarMod ::source set 'main'] Adding mappings for added inner class aym$WorldSleepResult, {official=aym$WorldSleepResult, searge=net/minecraft/world/WorldProvider$WorldSleepResult, mcp=net/minecraft/world/WorldProvider$WorldSleepResult}
[Unimined/JarMod ::source set 'main'] Adding mappings for added inner class c$4, {official=c$4, searge=net/minecraft/crash/CrashReportCategory$4, mcp=net/minecraft/crash/CrashReportCategory$4}
[Unimined/JarMod ::source set 'main'] Adding mappings for added inner class c$5, {official=c$5, searge=net/minecraft/crash/CrashReportCategory$5, mcp=net/minecraft/crash/CrashReportCategory$5}
[Unimined/JarMod ::source set 'main'] Adding mappings for added inner class ot$1, {official=ot$1, searge=net/minecraft/server/management/PlayerChunkMapEntry$1, mcp=net/minecraft/server/management/PlayerChunkMapEntry$1}
[Unimined/ForgeTransformer] Applying ATs [forge_at.cfg, D:\Desk\project\mod-pj5-ad astrar\Ad-Astra-Reborn-1.12.2\src\main\resources\ad_astra_at.cfg]
[Unimined/ForgeTransformer] Using user access transformer D:\Desk\project\mod-pj5-ad astrar\Ad-Astra-Reborn-1.12.2\src\main\resources\ad_astra_at.cfg
[Unimined/ModRemapper] Remapping mods from searge to mcp
[Unimined/ModRemapper] Found 2 mods for remapping
Merging client and server jars...
[Unimined/Forge] transforming minecraft jar for FG3
[Unimined/ForgeTransformer] Applying ATs [forge_at.cfg, D:\Desk\project\mod-pj5-ad astrar\Ad-Astra-Reborn-1.12.2\src\main\resources\ad_astra_at.cfg]
[Unimined/ForgeTransformer] Using user access transformer D:\Desk\project\mod-pj5-ad astrar\Ad-Astra-Reborn-1.12.2\src\main\resources\ad_astra_at.cfg
[Unimined/ModRemapper] Remapping mods from searge to mcp
[Unimined/ModRemapper] No mods found for remapping
[Unimined/ModRemapper] Remapping mods from searge to mcp
[Unimined/ModRemapper] No mods found for remapping

> Task :generateJavaTemplates UP-TO-DATE

> Task :compileJava
.\gradlew.bat : 注: D:\Desk\project\mod-pj5-ad astrar\Ad-Astra-Reborn-1.12.2\src\main\java\earth\terrarium\adastra\commo
n\handler\SpaceEnvironmentHandler.java使用或覆盖了已过时的 API。
At line:2 char:80
+ ... strar\Ad-Astra-Reborn-1.12.2"; .\gradlew.bat compileJava 2>&1 | Out-F ...
+                                    ~~~~~~~~~~~~~~~~~~~~~~~~~~~~~~
    + CategoryInfo          : NotSpecified: (注: D:\Desk\proj...使用或覆盖了已过时的 API。:String) [], RemoteException
    + FullyQualifiedErrorId : NativeCommandError
 
注: 有关详细信息, 请使用 -Xlint:deprecation 重新编译。

[Incubating] Problems report is available at: file:///D:/Desk/project/mod-pj5-ad%20astrar/Ad-Astra-Reborn-1.12.2/build/reports/problems/problems-report.html

BUILD SUCCESSFUL in 15s
2 actionable tasks: 1 executed, 1 up-to-date
Consider enabling configuration cache to speed up this build: https://docs.gradle.org/9.5.1/userguide/configuration_cache_enabling.html
